no change     /users/0/zhan7474/miniconda3/condabin/conda
no change     /users/0/zhan7474/miniconda3/bin/conda
no change     /users/0/zhan7474/miniconda3/bin/conda-env
no change     /users/0/zhan7474/miniconda3/bin/activate
no change     /users/0/zhan7474/miniconda3/bin/deactivate
no change     /users/0/zhan7474/miniconda3/etc/profile.d/conda.sh
no change     /users/0/zhan7474/miniconda3/etc/fish/conf.d/conda.fish
no change     /users/0/zhan7474/miniconda3/shell/condabin/Conda.psm1
no change     /users/0/zhan7474/miniconda3/shell/condabin/conda-hook.ps1
no change     /users/0/zhan7474/miniconda3/lib/python3.12/site-packages/xontrib/conda.xsh
no change     /users/0/zhan7474/miniconda3/etc/profile.d/conda.csh
no change     /users/0/zhan7474/.bashrc
No action taken.
Model name:          AMD EPYC 7763 64-Core Processor
CPU MHz:             2445.313
current iteration: 1 
********************************************************************************************************************************************************************************************************current iteration: 2 
********************************************************************************************************************************************************************************************************current iteration: 3 
********************************************************************************************************************************************************************************************************current iteration: 4 
********************************************************************************************************************************************************************************************************current iteration: 5 
********************************************************************************************************************************************************************************************************current iteration: 6 
********************************************************************************************************************************************************************************************************current iteration: 7 
********************************************************************************************************************************************************************************************************current iteration: 8 
********************************************************************************************************************************************************************************************************current iteration: 9 
********************************************************************************************************************************************************************************************************current iteration: 10 
**********************************************************************************************************************************************************************************************************************************